[INFO] Scanning for projects...
[INFO] 
[INFO] ---------------------< com.reggie:reggie_take_out >---------------------
[INFO] Building reggie_take_out 1.0-SNAPSHOT
[INFO]   from pom.xml
[INFO] --------------------------------[ jar ]---------------------------------
[INFO] 
[INFO] --- clean:3.1.0:clean (default-clean) @ reggie_take_out ---
[INFO] Deleting D:\MyCode\reggie\target
[INFO] 
[INFO] --- enforcer:3.4.1:enforce (enforce-java-version) @ reggie_take_out ---
[INFO] Rule 0: org.apache.maven.enforcer.rules.version.RequireJavaVersion passed
[INFO] 
[INFO] --- jacoco:0.8.10:prepare-agent (prepare-agent) @ reggie_take_out ---
[INFO] argLine set to -javaagent:D:\\devops\\repository\\org\\jacoco\\org.jacoco.agent\\0.8.10\\org.jacoco.agent-0.8.10-runtime.jar=destfile=D:\\MyCode\\reggie\\target\\jacoco.exec,append=true,output=file
[INFO] 
[INFO] --- resources:3.2.0:resources (default-resources) @ reggie_take_out ---
[INFO] Using 'UTF-8' encoding to copy filtered resources.
[INFO] Using 'UTF-8' encoding to copy filtered properties files.
[INFO] Copying 3 resources
[INFO] Copying 211 resources
[INFO] 
[INFO] --- compiler:3.11.0:compile (default-compile) @ reggie_take_out ---
[INFO] Changes detected - recompiling the module! :source
[INFO] Compiling 420 source files with javac [debug target 1.8] to target\classes
[INFO] /D:/MyCode/reggie/src/main/java/com/reggie/module/sys/service/impl/PermissionServiceImpl.java: ĳЩ�����ļ�ʹ����δ�����򲻰�ȫ�Ĳ�����
[INFO] /D:/MyCode/reggie/src/main/java/com/reggie/module/sys/service/impl/PermissionServiceImpl.java: �й���ϸ��Ϣ, ��ʹ�� -Xlint:unchecked ���±��롣
[INFO] -------------------------------------------------------------
[ERROR] COMPILATION ERROR : 
[INFO] -------------------------------------------------------------
[ERROR] /D:/MyCode/reggie/src/main/java/com/reggie/module/member/controller/MemberLevelController.java:[156,42] �Ҳ�������
  ����:   �� LinkedHashMap
  λ��: �� com.reggie.module.member.controller.MemberLevelController
[ERROR] /D:/MyCode/reggie/src/main/java/com/reggie/module/member/controller/MemberLevelController.java:[179,73] ��Ԫ����� '>' �Ĳ��������ʹ���
  ��һ������:  java.math.BigDecimal
  �ڶ�������: int
[ERROR] /D:/MyCode/reggie/src/main/java/com/reggie/module/store/service/impl/StoreServiceImpl.java:[282,9] �Ҳ�������
  ����:   �� LocalDateTime
  λ��: �� com.reggie.module.store.service.impl.StoreServiceImpl
[ERROR] /D:/MyCode/reggie/src/main/java/com/reggie/module/store/service/impl/StoreServiceImpl.java:[283,9] �Ҳ�������
  ����:   �� LocalDateTime
  λ��: �� com.reggie.module.store.service.impl.StoreServiceImpl
[ERROR] /D:/MyCode/reggie/src/main/java/com/reggie/module/store/service/impl/StoreServiceImpl.java:[286,55] ����������Ч
  �޷��Ӿ�̬�����������÷Ǿ�̬ ���� getCreateTime()
[ERROR] /D:/MyCode/reggie/src/main/java/com/reggie/module/store/service/impl/StoreServiceImpl.java:[286,88] ����������Ч
  �޷��Ӿ�̬�����������÷Ǿ�̬ ���� getCreateTime()
[ERROR] /D:/MyCode/reggie/src/main/java/com/reggie/module/store/service/impl/StoreServiceImpl.java:[288,55] ����������Ч
  �޷��Ӿ�̬�����������÷Ǿ�̬ ���� getCreateTime()
[ERROR] /D:/MyCode/reggie/src/main/java/com/reggie/module/store/service/impl/StoreServiceImpl.java:[288,88] ����������Ч
  �޷��Ӿ�̬�����������÷Ǿ�̬ ���� getCreateTime()
[ERROR] /D:/MyCode/reggie/src/main/java/com/reggie/module/store/service/impl/StoreServiceImpl.java:[289,21] ����������Ч
  �޷��Ӿ�̬�����������÷Ǿ�̬ ���� getStatus()
[ERROR] /D:/MyCode/reggie/src/main/java/com/reggie/module/store/service/impl/StoreServiceImpl.java:[291,55] ����������Ч
  �޷��Ӿ�̬�����������÷Ǿ�̬ ���� getCreateTime()
[ERROR] /D:/MyCode/reggie/src/main/java/com/reggie/module/store/service/impl/StoreServiceImpl.java:[291,88] ����������Ч
  �޷��Ӿ�̬�����������÷Ǿ�̬ ���� getCreateTime()
[ERROR] /D:/MyCode/reggie/src/main/java/com/reggie/module/store/service/impl/StoreServiceImpl.java:[292,21] ����������Ч
  �޷��Ӿ�̬�����������÷Ǿ�̬ ���� getStatus()
[ERROR] /D:/MyCode/reggie/src/main/java/com/reggie/module/store/service/impl/StoreServiceImpl.java:[294,55] ����������Ч
  �޷��Ӿ�̬�����������÷Ǿ�̬ ���� getCreateTime()
[ERROR] /D:/MyCode/reggie/src/main/java/com/reggie/module/store/service/impl/StoreServiceImpl.java:[294,88] ����������Ч
  �޷��Ӿ�̬�����������÷Ǿ�̬ ���� getCreateTime()
[ERROR] /D:/MyCode/reggie/src/main/java/com/reggie/module/store/service/impl/StoreServiceImpl.java:[295,21] ����������Ч
  �޷��Ӿ�̬�����������÷Ǿ�̬ ���� getStatus()
[ERROR] /D:/MyCode/reggie/src/main/java/com/reggie/module/store/service/impl/StoreServiceImpl.java:[308,21] ����������Ч
  �޷��Ӿ�̬�����������÷Ǿ�̬ ���� getCreateTime()
[ERROR] /D:/MyCode/reggie/src/main/java/com/reggie/module/store/service/impl/StoreServiceImpl.java:[309,21] ����������Ч
  �޷��Ӿ�̬�����������÷Ǿ�̬ ���� getCreateTime()
[ERROR] /D:/MyCode/reggie/src/main/java/com/reggie/module/store/service/impl/StoreServiceImpl.java:[373,9] �Ҳ�������
  ����:   �� LocalDateTime
  λ��: �� com.reggie.module.store.service.impl.StoreServiceImpl
[ERROR] /D:/MyCode/reggie/src/main/java/com/reggie/module/store/service/impl/StoreServiceImpl.java:[374,9] �Ҳ�������
  ����:   �� LocalDateTime
  λ��: �� com.reggie.module.store.service.impl.StoreServiceImpl
[INFO] 19 errors 
[INFO] -------------------------------------------------------------
[INFO] ------------------------------------------------------------------------
[INFO] BUILD FAILURE
[INFO] ------------------------------------------------------------------------
[INFO] Total time:  7.919 s
[INFO] Finished at: 2026-07-17T09:27:13+08:00
[INFO] ------------------------------------------------------------------------
[ERROR] Failed to execute goal org.apache.maven.plugins:maven-compiler-plugin:3.11.0:compile (default-compile) on project reggie_take_out: Compilation failure: Compilation failure: 
[ERROR] /D:/MyCode/reggie/src/main/java/com/reggie/module/member/controller/MemberLevelController.java:[156,42] �Ҳ�������
[ERROR]   ����:   �� LinkedHashMap
[ERROR]   λ��: �� com.reggie.module.member.controller.MemberLevelController
[ERROR] /D:/MyCode/reggie/src/main/java/com/reggie/module/member/controller/MemberLevelController.java:[179,73] ��Ԫ����� '>' �Ĳ��������ʹ���
[ERROR]   ��һ������:  java.math.BigDecimal
[ERROR]   �ڶ�������: int
[ERROR] /D:/MyCode/reggie/src/main/java/com/reggie/module/store/service/impl/StoreServiceImpl.java:[282,9] �Ҳ�������
[ERROR]   ����:   �� LocalDateTime
[ERROR]   λ��: �� com.reggie.module.store.service.impl.StoreServiceImpl
[ERROR] /D:/MyCode/reggie/src/main/java/com/reggie/module/store/service/impl/StoreServiceImpl.java:[283,9] �Ҳ�������
[ERROR]   ����:   �� LocalDateTime
[ERROR]   λ��: �� com.reggie.module.store.service.impl.StoreServiceImpl
[ERROR] /D:/MyCode/reggie/src/main/java/com/reggie/module/store/service/impl/StoreServiceImpl.java:[286,55] ����������Ч
[ERROR]   �޷��Ӿ�̬�����������÷Ǿ�̬ ���� getCreateTime()
[ERROR] /D:/MyCode/reggie/src/main/java/com/reggie/module/store/service/impl/StoreServiceImpl.java:[286,88] ����������Ч
[ERROR]   �޷��Ӿ�̬�����������÷Ǿ�̬ ���� getCreateTime()
[ERROR] /D:/MyCode/reggie/src/main/java/com/reggie/module/store/service/impl/StoreServiceImpl.java:[288,55] ����������Ч
[ERROR]   �޷��Ӿ�̬�����������÷Ǿ�̬ ���� getCreateTime()
[ERROR] /D:/MyCode/reggie/src/main/java/com/reggie/module/store/service/impl/StoreServiceImpl.java:[288,88] ����������Ч
[ERROR]   �޷��Ӿ�̬�����������÷Ǿ�̬ ���� getCreateTime()
[ERROR] /D:/MyCode/reggie/src/main/java/com/reggie/module/store/service/impl/StoreServiceImpl.java:[289,21] ����������Ч
[ERROR]   �޷��Ӿ�̬�����������÷Ǿ�̬ ���� getStatus()
[ERROR] /D:/MyCode/reggie/src/main/java/com/reggie/module/store/service/impl/StoreServiceImpl.java:[291,55] ����������Ч
[ERROR]   �޷��Ӿ�̬�����������÷Ǿ�̬ ���� getCreateTime()
[ERROR] /D:/MyCode/reggie/src/main/java/com/reggie/module/store/service/impl/StoreServiceImpl.java:[291,88] ����������Ч
[ERROR]   �޷��Ӿ�̬�����������÷Ǿ�̬ ���� getCreateTime()
[ERROR] /D:/MyCode/reggie/src/main/java/com/reggie/module/store/service/impl/StoreServiceImpl.java:[292,21] ����������Ч
[ERROR]   �޷��Ӿ�̬�����������÷Ǿ�̬ ���� getStatus()
[ERROR] /D:/MyCode/reggie/src/main/java/com/reggie/module/store/service/impl/StoreServiceImpl.java:[294,55] ����������Ч
[ERROR]   �޷��Ӿ�̬�����������÷Ǿ�̬ ���� getCreateTime()
[ERROR] /D:/MyCode/reggie/src/main/java/com/reggie/module/store/service/impl/StoreServiceImpl.java:[294,88] ����������Ч
[ERROR]   �޷��Ӿ�̬�����������÷Ǿ�̬ ���� getCreateTime()
[ERROR] /D:/MyCode/reggie/src/main/java/com/reggie/module/store/service/impl/StoreServiceImpl.java:[295,21] ����������Ч
[ERROR]   �޷��Ӿ�̬�����������÷Ǿ�̬ ���� getStatus()
[ERROR] /D:/MyCode/reggie/src/main/java/com/reggie/module/store/service/impl/StoreServiceImpl.java:[308,21] ����������Ч
[ERROR]   �޷��Ӿ�̬�����������÷Ǿ�̬ ���� getCreateTime()
[ERROR] /D:/MyCode/reggie/src/main/java/com/reggie/module/store/service/impl/StoreServiceImpl.java:[309,21] ����������Ч
[ERROR]   �޷��Ӿ�̬�����������÷Ǿ�̬ ���� getCreateTime()
[ERROR] /D:/MyCode/reggie/src/main/java/com/reggie/module/store/service/impl/StoreServiceImpl.java:[373,9] �Ҳ�������
[ERROR]   ����:   �� LocalDateTime
[ERROR]   λ��: �� com.reggie.module.store.service.impl.StoreServiceImpl
[ERROR] /D:/MyCode/reggie/src/main/java/com/reggie/module/store/service/impl/StoreServiceImpl.java:[374,9] �Ҳ�������
[ERROR]   ����:   �� LocalDateTime
[ERROR]   λ��: �� com.reggie.module.store.service.impl.StoreServiceImpl
[ERROR] -> [Help 1]
[ERROR] 
[ERROR] To see the full stack trace of the errors, re-run Maven with the -e switch.
[ERROR] Re-run Maven using the -X switch to enable full debug logging.
[ERROR] 
[ERROR] For more information about the errors and possible solutions, please read the following articles:
[ERROR] [Help 1] http://cwiki.apache.org/confluence/display/MAVEN/MojoFailureException
